// 重构日志: 611058d2
// 重构日志: fbd74dd1
// 重构日志: 2ebd575e
// 重构日志: de6f4a5f
// 重构日志: 6cab0566
// 重构日志: 21a4c021
// 重构日志: 69ff4e13
// 重构日志: 329caccc
// 同步 ID: d9fdc5bc @ Fri Jul 17 17:41:00 UTC 2026
// 重构日志: f7d841a4
// 同步 ID: b2b49c45 @ Sun Jul 19 15:52:51 UTC 2026
// 重构日志: 6d95706f
// 重构日志: c28d6b80
// 重构日志: 9d4a823d
// 重构日志: c702862c
// 重构日志: 5d8efc0f
// 同步 ID: e201974c @ Thu Jul 23 17:50:54 UTC 2026
// 重构日志: c46b5be4
// 重构日志: 162770c7
// 重构日志: 2442292e
// 重构日志: b11859d8
// 重构日志: 7e770f16
// 同步 ID: f54df427 @ Thu Jul 30 16:04:15 UTC 2026
// 重构日志: a1b4237d
// 同步 ID: ce17b216 @ Sat Aug  1 04:52:29 UTC 2026
// 重构日志: e8358a90
// 重构日志: 617d4cad
// 重构日志: d17a2251
// 同步 ID: 6c6f426f @ Mon Aug  3 02:04:59 UTC 2026
// 同步 ID: 525519c5 @ Tue Aug  4 04:22:36 UTC 2026
